// Jest Snapshot v1, https://goo.gl/fbAQLP

exports[`ClipitForm component renders a form.ClipitForm by default 1`] = `
<form
  action="#"
  className="Clipit-form "
/>
`;

exports[`ClipitForm component renders the ClipitForm given props 1`] = `
<form
  action="#"
  className="Clipit-form test-class-name"
  data-other="test-other-prop"
>
  <p>
    test children
  </p>
</form>
`;
